// Jest Snapshot v1, https://goo.gl/fbAQLP

exports[`Counter Screenshot should match the screenshot 1`] = `null`;
